Nothing to build in platform 'platform'

20:57:37 **** Incremental Build of configuration Debug for project PID_Controller_Application ****
make all 
'Building file: ../src/PID_Controller.c'
'Invoking: MicroBlaze gcc compiler'
mb-gcc -Wall -O0 -g3 -c -fmessage-length=0 -MT"src/PID_Controller.o" -IC:/ECE544-EmbeddedSystemsFPGA/ECE544-ACTUAL-Project2/Vitis_Application/platform/export/platform/sw/platform/freertos10_xilinx_domain/bspinclude/include -mlittle-endian -mcpu=v11.0 -mxl-soft-mul -mhard-float -Wl,--no-relax -ffunction-sections -fdata-sections -MMD -MP -MF"src/PID_Controller.d" -MT"src/PID_Controller.o" -o "src/PID_Controller.o" "../src/PID_Controller.c"
'Finished building: ../src/PID_Controller.c'
' '
'Building target: PID_Controller_Application.elf'
'Invoking: MicroBlaze gcc linker'
mb-gcc -Wl,-T -Wl,../src/lscript.ld -LC:/ECE544-EmbeddedSystemsFPGA/ECE544-ACTUAL-Project2/Vitis_Application/platform/export/platform/sw/platform/freertos10_xilinx_domain/bsplib/lib -mlittle-endian -mcpu=v11.0 -mxl-soft-mul -mhard-float -Wl,--no-relax -Wl,--gc-sections -o "PID_Controller_Application.elf"  ./src/PID_Controller.o ./src/pid.o ./src/tsl2561.o   -Wl,--start-group,-lxil,-lfreertos,-lgcc,-lc,--end-group
'Finished building target: PID_Controller_Application.elf'
' '
'Invoking: MicroBlaze Print Size'
mb-size PID_Controller_Application.elf  |tee "PID_Controller_Application.elf.size"
   text	   data	    bss	    dec	    hex	filename
  60724	    444	  69712	 130880	  1ff40	PID_Controller_Application.elf
'Finished building: PID_Controller_Application.elf.size'
' '
